// Jest Snapshot v1, https://goo.gl/fbAQLP

exports[`<ButtonComponent/> Should render and verify snapshot testing of Button component sucessfully 1`] = `
<div>
  <button
    className="btn btn-primary"
    disabled={false}
    onClick={[Function]}
    type="button"
  >
    Primary
  </button>
  <div>
    Click count test: 
    0
  </div>
</div>
`;
